// Jest Snapshot v1, https://goo.gl/fbAQLP

exports[`Loader renders correctly 1`] = `
<div
  className="sc-eCApGN cQhqkh"
>
  <div
    className="lds-dual-ring"
    style={
      Object {
        "height": 100,
        "width": 100,
      }
    }
  >
    <div
      className="lds-dual-ring-after"
      style={
        Object {
          "borderColor": "#686ade transparent",
          "borderWidth": 10,
          "height": 64,
          "width": 64,
        }
      }
    />
  </div>
  <p>
    Please wait. Loading content
  </p>
</div>
`;
